{
  "results": [
    {
      "title": "My talk title"
    }
  ]
}
