QueryResult{ updateCount=-1}
[title]
[Cool API Demo!]
[Cool API Demo!]
[Cool API Demo!]
[Cool API Demo!]
[Cool API Demo!]
[Cool API Demo!]
[Cool API Demo!]
[Cool API Demo!]
[Cool API Demo!]
[Cool API Demo!]
[Cool API Demo!]
[Cool API Demo!]
[Cool API Demo!]
[Cool API Demo!]
[Cool API Demo!]
[Cool API Demo!]
[Cool API Demo!]
[Cool API Demo!]
[Cool API Demo!]
[Cool API Demo!]
[Cool API Demo!]
[Cool API Demo!]
[Cool API Demo!]
